<html>
<body>
<pre>
<h1>µVision Build Log</h1>
<h2>Project:</h2>
C:\Users\MuhsinFatih\Desktop\stm32-Visual-Studio-Code-template\KEIL\test.uvproj
Project File Date:  09/07/2016

<h2>Output:</h2>
Build target 'Target 1'
compiling main.c...
main.c(10): warning:  #1295-D: Deprecated declaration MPU6050_SendByte - give arg types
  uint8_t MPU6050_SendByte();
main.c(44): warning:  #68-D: integer conversion resulted in a change of sign
        NVIC_InitStructure.NVIC_IRQChannel = SysTick_IRQn;
main.c: 2 warnings, 0 errors
linking...
Program Size: Code=7552 RO-data=424 RW-data=64 ZI-data=1656  
".\test.axf" - 0 Error(s), 2 Warning(s).
</pre>
</body>
</html>
i<255;++i)
main.c: 2 warnings, 2 errors
".\test.axf" - 2 Error(s), 2 Warning(s).
Target not created

ated
ed
: Error: L6218E: Undefined symbol TIM_OC1PreloadConfig (referred from main.o).
.\test.axf: Error: L6218E: Undefined symbol TIM_OC2Init (referred from main.o).
.\test.axf: Error: L6218E: Undefined symbol TIM_OC2PreloadConfig (referred from main.o).
.\test.axf: Error: L6218E: Undefined symbol TIM_OC3Init (referred from main.o).
.\test.axf: Error: L6218E: Undefined symbol TIM_OC3PreloadConfig (referred from main.o).
.\test.axf: Error: L6218E: Undefined symbol TIM_OC4Init (referred from main.o).
.\test.axf: Error: L6218E: Undefined symbol TIM_OC4PreloadConfig (referred from main.o).
.\test.axf: Error: L6218E: Undefined symbol TIM_TimeBaseInit (referred from main.o).
Not enough information to list image symbols.
Finished: 1 information, 0 warning and 11 error messages.
".\test.axf" - 11 Error(s), 2 Warning(s).
Target not created
